<?xml version="1.0" encoding="UTF-8"?>
<testsuites>
  <testsuite name="/home/florent-vasseur/Documents/Dev_Project/CP4/phpunit.xml.dist" tests="15" assertions="103" errors="0" failures="0" skipped="0" time="13.466914">
    <testsuite name="Project Test Suite" tests="15" assertions="103" errors="0" failures="0" skipped="0" time="13.466914">
      <testsuite name="App\Tests\Functional\Controller\HomeControllerTest" file="/home/florent-vasseur/Documents/Dev_Project/CP4/tests/Functional/Controller/HomeControllerTest.php" tests="2" assertions="6" errors="0" failures="0" skipped="0" time="3.367056">
        <testcase name="testRedirectIfNotLoggedIn" file="/home/florent-vasseur/Documents/Dev_Project/CP4/tests/Functional/Controller/HomeControllerTest.php" line="10" class="App\Tests\Functional\Controller\HomeControllerTest" classname="App.Tests.Functional.Controller.HomeControllerTest" assertions="2" time="1.569786"/>
        <testcase name="testIndexPageForLoggedUser" file="/home/florent-vasseur/Documents/Dev_Project/CP4/tests/Functional/Controller/HomeControllerTest.php" line="19" class="App\Tests\Functional\Controller\HomeControllerTest" classname="App.Tests.Functional.Controller.HomeControllerTest" assertions="4" time="1.797270"/>
      </testsuite>
      <testsuite name="App\Tests\Functional\Controller\LoginControllerTest" file="/home/florent-vasseur/Documents/Dev_Project/CP4/tests/Functional/Controller/LoginControllerTest.php" tests="5" assertions="32" errors="0" failures="0" skipped="0" time="2.657966">
        <testcase name="testLoginPage" file="/home/florent-vasseur/Documents/Dev_Project/CP4/tests/Functional/Controller/LoginControllerTest.php" line="9" class="App\Tests\Functional\Controller\LoginControllerTest" classname="App.Tests.Functional.Controller.LoginControllerTest" assertions="2" time="0.316611"/>
        <testcase name="testLoginPageRendersSuccessfullyBis" file="/home/florent-vasseur/Documents/Dev_Project/CP4/tests/Functional/Controller/LoginControllerTest.php" line="20" class="App\Tests\Functional\Controller\LoginControllerTest" classname="App.Tests.Functional.Controller.LoginControllerTest" assertions="10" time="0.304311"/>
        <testcase name="testLoginPageDisplaysBadCredentialsError" file="/home/florent-vasseur/Documents/Dev_Project/CP4/tests/Functional/Controller/LoginControllerTest.php" line="42" class="App\Tests\Functional\Controller\LoginControllerTest" classname="App.Tests.Functional.Controller.LoginControllerTest" assertions="8" time="1.113182"/>
        <testcase name="testLoginPageDisplaysNotVerifiedError" file="/home/florent-vasseur/Documents/Dev_Project/CP4/tests/Functional/Controller/LoginControllerTest.php" line="75" class="App\Tests\Functional\Controller\LoginControllerTest" classname="App.Tests.Functional.Controller.LoginControllerTest" assertions="8" time="0.757508"/>
        <testcase name="testCsrfTokenIsPresent" file="/home/florent-vasseur/Documents/Dev_Project/CP4/tests/Functional/Controller/LoginControllerTest.php" line="107" class="App\Tests\Functional\Controller\LoginControllerTest" classname="App.Tests.Functional.Controller.LoginControllerTest" assertions="4" time="0.166354"/>
      </testsuite>
      <testsuite name="App\Tests\Functional\Controller\RegistrationControllerTest" file="/home/florent-vasseur/Documents/Dev_Project/CP4/tests/Functional/Controller/RegistrationControllerTest.php" tests="3" assertions="34" errors="0" failures="0" skipped="0" time="2.954962">
        <testcase name="testRegisterPageRendersSuccessfullyAndFormIsPresent" file="/home/florent-vasseur/Documents/Dev_Project/CP4/tests/Functional/Controller/RegistrationControllerTest.php" line="54" class="App\Tests\Functional\Controller\RegistrationControllerTest" classname="App.Tests.Functional.Controller.RegistrationControllerTest" assertions="13" time="0.737366"/>
        <testcase name="testRegisterUserWithValidData" file="/home/florent-vasseur/Documents/Dev_Project/CP4/tests/Functional/Controller/RegistrationControllerTest.php" line="81" class="App\Tests\Functional\Controller\RegistrationControllerTest" classname="App.Tests.Functional.Controller.RegistrationControllerTest" assertions="10" time="1.300146"/>
        <testcase name="testRegisterUserWithInvalidData" file="/home/florent-vasseur/Documents/Dev_Project/CP4/tests/Functional/Controller/RegistrationControllerTest.php" line="170" class="App\Tests\Functional\Controller\RegistrationControllerTest" classname="App.Tests.Functional.Controller.RegistrationControllerTest" assertions="11" time="0.917450"/>
      </testsuite>
      <testsuite name="App\Tests\LiveComponent\RegistrationFormLiveComponentTest" file="/home/florent-vasseur/Documents/Dev_Project/CP4/tests/LiveComponent/RegistrationFormLiveComponentTest.php" tests="5" assertions="31" errors="0" failures="0" skipped="0" time="4.486930">
        <testcase name="testInitialRender" file="/home/florent-vasseur/Documents/Dev_Project/CP4/tests/LiveComponent/RegistrationFormLiveComponentTest.php" line="54" class="App\Tests\LiveComponent\RegistrationFormLiveComponentTest" classname="App.Tests.LiveComponent.RegistrationFormLiveComponentTest" assertions="4" time="0.425634"/>
        <testcase name="testFormRendering" file="/home/florent-vasseur/Documents/Dev_Project/CP4/tests/LiveComponent/RegistrationFormLiveComponentTest.php" line="68" class="App\Tests\LiveComponent\RegistrationFormLiveComponentTest" classname="App.Tests.LiveComponent.RegistrationFormLiveComponentTest" assertions="12" time="0.268249"/>
        <testcase name="testValidationErrors" file="/home/florent-vasseur/Documents/Dev_Project/CP4/tests/LiveComponent/RegistrationFormLiveComponentTest.php" line="97" class="App\Tests\LiveComponent\RegistrationFormLiveComponentTest" classname="App.Tests.LiveComponent.RegistrationFormLiveComponentTest" assertions="2" time="1.178169"/>
        <testcase name="testSuccessfulRegistration" file="/home/florent-vasseur/Documents/Dev_Project/CP4/tests/LiveComponent/RegistrationFormLiveComponentTest.php" line="126" class="App\Tests\LiveComponent\RegistrationFormLiveComponentTest" classname="App.Tests.LiveComponent.RegistrationFormLiveComponentTest" assertions="11" time="1.595373"/>
        <testcase name="testDuplicateEmailValidation" file="/home/florent-vasseur/Documents/Dev_Project/CP4/tests/LiveComponent/RegistrationFormLiveComponentTest.php" line="178" class="App\Tests\LiveComponent\RegistrationFormLiveComponentTest" classname="App.Tests.LiveComponent.RegistrationFormLiveComponentTest" assertions="2" time="1.019505"/>
      </testsuite>
    </testsuite>
  </testsuite>
</testsuites>
